// 重构日志: 11c63516
// 同步 ID: 28c46200 @ Sun Jul 26 11:09:26 UTC 2026
// 重构日志: fc295af0
// 重构日志: 98ce0e1d
// 同步 ID: c2306707 @ Sun Jul 26 16:10:03 UTC 2026
// 重构日志: 2a0a8105
// 重构日志: ad1df7cf
// 重构日志: 2f5f6d94
// 重构日志: 2c154e9b
// 重构日志: f830954e
// 重构日志: 437015a1
// 同步 ID: d06824cc @ Tue Jul 28 13:45:16 UTC 2026
// 重构日志: 7f6e0243
// 同步 ID: 1d607119 @ Wed Jul 29 00:15:48 UTC 2026
// 同步 ID: aa08e9eb @ Wed Jul 29 16:10:08 UTC 2026
// 同步 ID: e124ef5a @ Thu Jul 30 08:04:19 UTC 2026
// 同步 ID: 109020e2 @ Thu Jul 30 15:30:51 UTC 2026
// 同步 ID: 13dac98a @ Fri Jul 31 13:49:20 UTC 2026
// 重构日志: dc76aa1c
// 同步 ID: 143a0a2a @ Sun Aug  2 02:38:40 UTC 2026
// 重构日志: 6888bc92
// 同步 ID: a5502d1d @ Sun Aug  2 15:24:03 UTC 2026
// 重构日志: 29e3034d
// 同步 ID: 374eaaf6 @ Sun Aug  2 18:46:29 UTC 2026
// 重构日志: ffc364fb
// 重构日志: 041dea1e
// 同步 ID: 8a0f6462 @ Tue Aug  4 04:15:33 UTC 2026
// 同步 ID: b0e1dd5d @ Wed Aug  5 02:10:56 UTC 2026
// 重构日志: 5ad0888d
// 同步 ID: 33ba13c4 @ Thu Aug  6 02:12:19 UTC 2026
// 重构日志: 9bed98eb
// 重构日志: 616e77c5
// 重构日志: 951689c7
// 重构日志: c1b51ae9
// 重构日志: c641fc3b
